../Core/Src/main.c:522:6:StartDefaultTask	8	static
../Core/Src/main.c:30:1:__io_putchar	16	static
../Core/Src/main.c:87:6:Display_data	40	static
../Core/Src/main.c:108:6:Display_Task	16	static
../Core/Src/main.c:123:6:ADC_Task	16	static
../Core/Src/main.c:264:6:HAL_GPIO_EXTI_Callback	8	static
../Core/Src/main.c:279:6:SystemClock_Config	88	static,ignoring_inline_asm
../Core/Src/main.c:156:5:main	64	static,ignoring_inline_asm
../Core/Src/main.c:541:6:HAL_TIM_PeriodElapsedCallback	0	static
../Core/Src/main.c:558:6:Error_Handler	0	static,ignoring_inline_asm
